// Jest Snapshot v1, https://goo.gl/fbAQLP

exports[`<GameMessage /> renders as expected 1`] = `
<div>
  <h2
    class="sc-AxjAm fiqGYr"
    data-testid="game-message"
  >
    Text
  </h2>
</div>
`;
